// Vitest Snapshot v1, https://vitest.dev/guide/snapshot.html

exports[`<EquipmentMenu /> > renders correctly 1`] = `
<div>
  <div
    class="EquipmentMenu sdv-list"
  >
    <div>
      <div
        class="sdv-list-item flex-horizontal"
        data-testid="equipment-scarecrow--0"
      >
        <div
          class="sdv-list-item-icon"
        >
          <div
            style="height: 16px; transform: scale(0.5); transform-origin: top center; white-space: nowrap; width: 16px;"
          >
            <div
              class="sprite"
              style="display: inline-block; vertical-align: top; background-image: url(images/equipment-sheet.png); background-position: -0px -0px; height: 32px; width: 16px;"
            />
          </div>
        </div>
        <div
          class="sdv-list-item-text flex margin-right"
        >
          <div
            class="BigText"
          >
            <div
              style="transform-origin: left center; white-space: nowrap; transform: scale(1);"
            >
              <div
                class="sprite"
                style="display: inline-block; vertical-align: top; background-image: url(images/sdv-font.png); background-position: -408px -0px; height: 16px; width: 8px;"
              />
              <div
                class="sprite"
                style="display: inline-block; vertical-align: top; background-image: url(images/sdv-font.png); background-position: -536px -0px; height: 16px; width: 8px;"
              />
              <div
                class="sprite"
                style="display: inline-block; vertical-align: top; background-image: url(images/sdv-font.png); background-position: -520px -0px; height: 16px; width: 8px;"
              />
              <div
                class="sprite"
                style="display: inline-block; vertical-align: top; background-image: url(images/sdv-font.png); background-position: -656px -0px; height: 16px; width: 8px;"
              />
              <div
                class="sprite"
                style="display: inline-block; vertical-align: top; background-image: url(images/sdv-font.png); background-position: -552px -0px; height: 16px; width: 8px;"
              />
              <div
                class="sprite"
                style="display: inline-block; vertical-align: top; background-image: url(images/sdv-font.png); background-position: -536px -0px; height: 16px; width: 8px;"
              />
              <div
                class="sprite"
                style="display: inline-block; vertical-align: top; background-image: url(images/sdv-font.png); background-position: -656px -0px; height: 16px; width: 8px;"
              />
              <div
                class="sprite"
                style="display: inline-block; vertical-align: top; background-image: url(images/sdv-font.png); background-position: -632px -0px; height: 16px; width: 8px;"
              />
              <div
                class="sprite"
                style="display: inline-block; vertical-align: top; background-image: url(images/sdv-font.png); background-position: -696px -0px; height: 16px; width: 8px;"
              />
            </div>
          </div>
        </div>
        <button
          class="margin-right sdv-button-down"
          data-testid="equipment-dropdown--trigger"
        />
      </div>
      
    </div>
    <div>
      <div
        class="sdv-list-item flex-horizontal"
        data-testid="equipment-sprinkler--0"
      >
        <div
          class="sdv-list-item-icon"
        >
          <div
            class="sprite"
            style="display: inline-block; vertical-align: top; background-image: url(images/equipment-sheet.png); background-position: -144px -16px; height: 16px; width: 16px;"
          />
        </div>
        <div
          class="sdv-list-item-text flex margin-right"
        >
          <div
            class="BigText"
          >
            <div
              style="transform-origin: left center; white-space: nowrap; transform: scale(1);"
            >
              <div
                class="sprite"
                style="display: inline-block; vertical-align: top; background-image: url(images/sdv-font.png); background-position: -408px -0px; height: 16px; width: 8px;"
              />
              <div
                class="sprite"
                style="display: inline-block; vertical-align: top; background-image: url(images/sdv-font.png); background-position: -640px -0px; height: 16px; width: 8px;"
              />
              <div
                class="sprite"
                style="display: inline-block; vertical-align: top; background-image: url(images/sdv-font.png); background-position: -656px -0px; height: 16px; width: 8px;"
              />
              <div
                class="sprite"
                style="display: inline-block; vertical-align: top; background-image: url(images/sdv-font.png); background-position: -584px -0px; height: 16px; width: 8px;"
              />
              <div
                class="sprite"
                style="display: inline-block; vertical-align: top; background-image: url(images/sdv-font.png); background-position: -624px -0px; height: 16px; width: 8px;"
              />
              <div
                class="sprite"
                style="display: inline-block; vertical-align: top; background-image: url(images/sdv-font.png); background-position: -600px -0px; height: 16px; width: 8px;"
              />
              <div
                class="sprite"
                style="display: inline-block; vertical-align: top; background-image: url(images/sdv-font.png); background-position: -608px -0px; height: 16px; width: 8px;"
              />
              <div
                class="sprite"
                style="display: inline-block; vertical-align: top; background-image: url(images/sdv-font.png); background-position: -552px -0px; height: 16px; width: 8px;"
              />
              <div
                class="sprite"
                style="display: inline-block; vertical-align: top; background-image: url(images/sdv-font.png); background-position: -656px -0px; height: 16px; width: 8px;"
              />
            </div>
          </div>
        </div>
        <button
          class="margin-right sdv-button-down"
          data-testid="equipment-dropdown--trigger"
        />
      </div>
      
    </div>
    <div>
      <div
        class="sdv-list-item flex-horizontal"
        data-testid="equipment-fence--0"
      >
        <div
          class="sdv-list-item-icon"
        >
          <div
            style="height: 16px; transform: scale(0.5); transform-origin: top left; white-space: nowrap; width: 16px;"
          >
            <div
              class="sprite"
              style="display: inline-block; vertical-align: top; background-image: url(images/fences.png); background-position: -0px -0px; height: 32px; width: 16px;"
            />
            <div
              class="sprite"
              style="display: inline-block; vertical-align: top; background-image: url(images/fences.png); background-position: -32px -0px; height: 32px; width: 16px;"
            />
          </div>
        </div>
        <div
          class="sdv-list-item-text flex margin-right"
        >
          <div
            class="BigText"
          >
            <div
              style="transform-origin: left center; white-space: nowrap; transform: scale(1);"
            >
              <div
                class="sprite"
                style="display: inline-block; vertical-align: top; background-image: url(images/sdv-font.png); background-position: -440px -0px; height: 16px; width: 8px;"
              />
              <div
                class="sprite"
                style="display: inline-block; vertical-align: top; background-image: url(images/sdv-font.png); background-position: -632px -0px; height: 16px; width: 8px;"
              />
              <div
                class="sprite"
                style="display: inline-block; vertical-align: top; background-image: url(images/sdv-font.png); background-position: -632px -0px; height: 16px; width: 8px;"
              />
              <div
                class="sprite"
                style="display: inline-block; vertical-align: top; background-image: url(images/sdv-font.png); background-position: -544px -0px; height: 16px; width: 8px;"
              />
              <div
                class="sprite"
                style="display: inline-block; vertical-align: top; background-image: url(images/sdv-font.png); background-position: -0px -0px; height: 16px; width: 8px;"
              />
              <div
                class="sprite"
                style="display: inline-block; vertical-align: top; background-image: url(images/sdv-font.png); background-position: -304px -0px; height: 16px; width: 8px;"
              />
              <div
                class="sprite"
                style="display: inline-block; vertical-align: top; background-image: url(images/sdv-font.png); background-position: -552px -0px; height: 16px; width: 8px;"
              />
              <div
                class="sprite"
                style="display: inline-block; vertical-align: top; background-image: url(images/sdv-font.png); background-position: -624px -0px; height: 16px; width: 8px;"
              />
              <div
                class="sprite"
                style="display: inline-block; vertical-align: top; background-image: url(images/sdv-font.png); background-position: -536px -0px; height: 16px; width: 8px;"
              />
              <div
                class="sprite"
                style="display: inline-block; vertical-align: top; background-image: url(images/sdv-font.png); background-position: -552px -0px; height: 16px; width: 8px;"
              />
            </div>
          </div>
        </div>
        <button
          class="margin-right sdv-button-down"
          data-testid="equipment-dropdown--trigger"
        />
      </div>
      
    </div>
  </div>
</div>
`;
