// Jest Snapshot v1, https://goo.gl/fbAQLP

exports[`renders correctly 1`] = `
<SeedMenu
  date={0}
  selectCrop={[MockFunction]}
/>
`;
